// Jest Snapshot v1, https://goo.gl/fbAQLP

exports[`Layout should render Layout correctly 1`] = `
<DocumentFragment>
  <div
    class="MuiBox-root css-0"
  >
    <div
      class="MuiContainer-root MuiContainer-maxWidthLg css-1km29jt-MuiContainer-root"
    >
      <p
        class="MuiTypography-root MuiTypography-body1 css-ahj2mt-MuiTypography-root"
      >
        Ol√°
      </p>
    </div>
  </div>
</DocumentFragment>
`;
